2025-02-17 19:50:00 | DEBUG | repo=pv243-a4m36jee-2016-clustering-seminar | action=edit | files=3
2025-09-03 08:11:00 | DEBUG | repo=pv243-a4m36jee-2016-clustering-seminar | action=commit
2025-08-16 11:41:00 | INFO | repo=pv243-a4m36jee-2016-clustering-seminar | action=test | passed=true
2025-06-10 08:31:00 | INFO | repo=pv243-a4m36jee-2016-clustering-seminar | action=commit
2025-12-28 12:57:00 | INFO | repo=pv243-a4m36jee-2016-clustering-seminar | action=commit
2025-11-11 13:24:00 | INFO | repo=pv243-a4m36jee-2016-clustering-seminar | action=edit | files=4
2025-03-19 20:33:00 | WARN | repo=pv243-a4m36jee-2016-clustering-seminar | action=commit
2025-03-13 20:20:00 | WARN | repo=pv243-a4m36jee-2016-clustering-seminar | action=edit | files=4
2025-01-03 17:09:00 | WARN | repo=pv243-a4m36jee-2016-clustering-seminar | action=pull
2025-09-10 15:06:00 | DEBUG | repo=pv243-a4m36jee-2016-clustering-seminar | action=commit
2025-10-23 20:19:00 | DEBUG | repo=pv243-a4m36jee-2016-clustering-seminar | action=test | passed=true
2025-10-19 20:04:00 | WARN | repo=pv243-a4m36jee-2016-clustering-seminar | action=commit
2025-05-14 07:45:00 | INFO | repo=pv243-a4m36jee-2016-clustering-seminar | action=commit
2025-09-17 09:17:00 | DEBUG | repo=pv243-a4m36jee-2016-clustering-seminar | action=edit | files=4
2025-03-14 18:18:00 | DEBUG | repo=pv243-a4m36jee-2016-clustering-seminar | action=commit
2025-08-13 13:36:00 | WARN | repo=pv243-a4m36jee-2016-clustering-seminar | action=commit
2025-11-23 07:09:00 | INFO | repo=pv243-a4m36jee-2016-clustering-seminar | action=edit | files=1
2025-11-02 10:54:00 | DEBUG | repo=pv243-a4m36jee-2016-clustering-seminar | action=commit
2025-02-04 15:17:00 | DEBUG | repo=pv243-a4m36jee-2016-clustering-seminar | action=test | passed=true
2025-11-04 13:14:00 | INFO | repo=pv243-a4m36jee-2016-clustering-seminar | action=commit
